A51 MACRO ASSEMBLER  E2T2                                                                 12/09/2019 23:48:21 PAGE     1


MACRO ASSEMBLER A51 V8.2.7.0
OBJECT MODULE PLACED IN .\Objects\E2T2.obj
ASSEMBLER INVOKED BY: C:\Keil_v5\C51\BIN\A51.EXE E2T2.asm SET(SMALL) DEBUG PRINT(.\Listings\E2T2.lst) OBJECT(.\Objects\E
                      2T2.obj) EP

LOC  OBJ            LINE     SOURCE

                       1     
                       2     
                       3     
                       4     
                       5     
                       6     
                       7     
                       8     
                       9     
                      10     
                      11     
                      12     
                      13     
                      14     
                      15     
0000                  16     ORG 0000H
0000 7420             17     MOV A,#20H
0002 75F005           18     MOV B,#05H
0005 84               19     DIV AB
0006 80FE             20     H:SJMP H
                      21     END
A51 MACRO ASSEMBLER  E2T2                                                                 12/09/2019 23:48:21 PAGE     2

SYMBOL TABLE LISTING
------ ----- -------


N A M E             T Y P E  V A L U E   ATTRIBUTES

B. . . . . . . . .  D ADDR   00F0H   A   
H. . . . . . . . .  C ADDR   0006H   A   


REGISTER BANK(S) USED: 0 


ASSEMBLY COMPLETE.  0 WARNING(S), 0 ERROR(S)
